CMSIS/STM32F4xx_HAL_Driver/Src/stm32f4xx_hal_uart.c:3354:13:UART_EndRxTransfer	0	static
CMSIS/STM32F4xx_HAL_Driver/Src/stm32f4xx_hal_uart.c:3713:13:UART_SetConfig	16	static
CMSIS/STM32F4xx_HAL_Driver/Src/stm32f4xx_hal_uart.c:715:13:HAL_UART_MspInit	0	static
CMSIS/STM32F4xx_HAL_Driver/Src/stm32f4xx_hal_uart.c:357:19:HAL_UART_Init	8	static
CMSIS/STM32F4xx_HAL_Driver/Src/stm32f4xx_hal_uart.c:435:19:HAL_HalfDuplex_Init	8	static
CMSIS/STM32F4xx_HAL_Driver/Src/stm32f4xx_hal_uart.c:509:19:HAL_LIN_Init	16	static
CMSIS/STM32F4xx_HAL_Driver/Src/stm32f4xx_hal_uart.c:591:19:HAL_MultiProcessor_Init	16	static
CMSIS/STM32F4xx_HAL_Driver/Src/stm32f4xx_hal_uart.c:730:13:HAL_UART_MspDeInit	0	static
CMSIS/STM32F4xx_HAL_Driver/Src/stm32f4xx_hal_uart.c:669:19:HAL_UART_DeInit	8	static
CMSIS/STM32F4xx_HAL_Driver/Src/stm32f4xx_hal_uart.c:1135:19:HAL_UART_Transmit	32	static
CMSIS/STM32F4xx_HAL_Driver/Src/stm32f4xx_hal_uart.c:1221:19:HAL_UART_Receive	40	static
CMSIS/STM32F4xx_HAL_Driver/Src/stm32f4xx_hal_uart.c:1308:19:HAL_UART_Transmit_IT	4	static
CMSIS/STM32F4xx_HAL_Driver/Src/stm32f4xx_hal_uart.c:1347:19:HAL_UART_Receive_IT	0	static
CMSIS/STM32F4xx_HAL_Driver/Src/stm32f4xx_hal_uart.c:1379:19:HAL_UART_Transmit_DMA	24	static
CMSIS/STM32F4xx_HAL_Driver/Src/stm32f4xx_hal_uart.c:1468:19:HAL_UART_DMAPause	0	static
CMSIS/STM32F4xx_HAL_Driver/Src/stm32f4xx_hal_uart.c:1499:19:HAL_UART_DMAResume	8	static
CMSIS/STM32F4xx_HAL_Driver/Src/stm32f4xx_hal_uart.c:1533:19:HAL_UART_DMAStop	8	static
CMSIS/STM32F4xx_HAL_Driver/Src/stm32f4xx_hal_uart.c:1588:19:HAL_UARTEx_ReceiveToIdle	40	static
CMSIS/STM32F4xx_HAL_Driver/Src/stm32f4xx_hal_uart.c:1713:19:HAL_UARTEx_ReceiveToIdle_IT	16	static
CMSIS/STM32F4xx_HAL_Driver/Src/stm32f4xx_hal_uart.c:1838:29:HAL_UARTEx_GetRxEventType	0	static
CMSIS/STM32F4xx_HAL_Driver/Src/stm32f4xx_hal_uart.c:1856:19:HAL_UART_Abort	8	static
CMSIS/STM32F4xx_HAL_Driver/Src/stm32f4xx_hal_uart.c:1945:19:HAL_UART_AbortTransmit	8	static
CMSIS/STM32F4xx_HAL_Driver/Src/stm32f4xx_hal_uart.c:1996:19:HAL_UART_AbortReceive	8	static
CMSIS/STM32F4xx_HAL_Driver/Src/stm32f4xx_hal_uart.c:2611:13:HAL_UART_TxCpltCallback	0	static
CMSIS/STM32F4xx_HAL_Driver/Src/stm32f4xx_hal_uart.c:3007:13:UART_DMATransmitCplt	8	static
CMSIS/STM32F4xx_HAL_Driver/Src/stm32f4xx_hal_uart.c:2626:13:HAL_UART_TxHalfCpltCallback	0	static
CMSIS/STM32F4xx_HAL_Driver/Src/stm32f4xx_hal_uart.c:3042:13:UART_DMATxHalfCplt	8	static
CMSIS/STM32F4xx_HAL_Driver/Src/stm32f4xx_hal_uart.c:2641:13:HAL_UART_RxCpltCallback	0	static
CMSIS/STM32F4xx_HAL_Driver/Src/stm32f4xx_hal_uart.c:2656:13:HAL_UART_RxHalfCpltCallback	0	static
CMSIS/STM32F4xx_HAL_Driver/Src/stm32f4xx_hal_uart.c:2671:13:HAL_UART_ErrorCallback	0	static
CMSIS/STM32F4xx_HAL_Driver/Src/stm32f4xx_hal_uart.c:3162:13:UART_DMAError	8	static
CMSIS/STM32F4xx_HAL_Driver/Src/stm32f4xx_hal_uart.c:3378:13:UART_DMAAbortOnError	8	static
CMSIS/STM32F4xx_HAL_Driver/Src/stm32f4xx_hal_uart.c:2685:13:HAL_UART_AbortCpltCallback	0	static
CMSIS/STM32F4xx_HAL_Driver/Src/stm32f4xx_hal_uart.c:2057:19:HAL_UART_Abort_IT	16	static
CMSIS/STM32F4xx_HAL_Driver/Src/stm32f4xx_hal_uart.c:3447:13:UART_DMARxAbortCallback	8	static
CMSIS/STM32F4xx_HAL_Driver/Src/stm32f4xx_hal_uart.c:3401:13:UART_DMATxAbortCallback	8	static
CMSIS/STM32F4xx_HAL_Driver/Src/stm32f4xx_hal_uart.c:2700:13:HAL_UART_AbortTransmitCpltCallback	0	static
CMSIS/STM32F4xx_HAL_Driver/Src/stm32f4xx_hal_uart.c:2192:19:HAL_UART_AbortTransmit_IT	8	static
CMSIS/STM32F4xx_HAL_Driver/Src/stm32f4xx_hal_uart.c:3493:13:UART_DMATxOnlyAbortCallback	8	static
CMSIS/STM32F4xx_HAL_Driver/Src/stm32f4xx_hal_uart.c:2715:13:HAL_UART_AbortReceiveCpltCallback	0	static
CMSIS/STM32F4xx_HAL_Driver/Src/stm32f4xx_hal_uart.c:2269:19:HAL_UART_AbortReceive_IT	8	static
CMSIS/STM32F4xx_HAL_Driver/Src/stm32f4xx_hal_uart.c:3521:13:UART_DMARxOnlyAbortCallback	8	static
CMSIS/STM32F4xx_HAL_Driver/Src/stm32f4xx_hal_uart.c:2732:13:HAL_UARTEx_RxEventCallback	0	static
CMSIS/STM32F4xx_HAL_Driver/Src/stm32f4xx_hal_uart.c:3123:13:UART_DMARxHalfCplt	8	static
CMSIS/STM32F4xx_HAL_Driver/Src/stm32f4xx_hal_uart.c:3061:13:UART_DMAReceiveCplt	8	static
CMSIS/STM32F4xx_HAL_Driver/Src/stm32f4xx_hal_uart.c:3612:26:UART_Receive_IT.part.0.isra	16	static
CMSIS/STM32F4xx_HAL_Driver/Src/stm32f4xx_hal_uart.c:2347:6:HAL_UART_IRQHandler	24	static
CMSIS/STM32F4xx_HAL_Driver/Src/stm32f4xx_hal_uart.c:2772:19:HAL_LIN_SendBreak	0	static
CMSIS/STM32F4xx_HAL_Driver/Src/stm32f4xx_hal_uart.c:2799:19:HAL_MultiProcessor_EnterMuteMode	0	static
CMSIS/STM32F4xx_HAL_Driver/Src/stm32f4xx_hal_uart.c:2827:19:HAL_MultiProcessor_ExitMuteMode	0	static
CMSIS/STM32F4xx_HAL_Driver/Src/stm32f4xx_hal_uart.c:2855:19:HAL_HalfDuplex_EnableTransmitter	0	static
CMSIS/STM32F4xx_HAL_Driver/Src/stm32f4xx_hal_uart.c:2890:19:HAL_HalfDuplex_EnableReceiver	0	static
CMSIS/STM32F4xx_HAL_Driver/Src/stm32f4xx_hal_uart.c:2947:23:HAL_UART_GetState	0	static
CMSIS/STM32F4xx_HAL_Driver/Src/stm32f4xx_hal_uart.c:2962:10:HAL_UART_GetError	0	static
CMSIS/STM32F4xx_HAL_Driver/Src/stm32f4xx_hal_uart.c:3255:19:UART_Start_Receive_IT	4	static
CMSIS/STM32F4xx_HAL_Driver/Src/stm32f4xx_hal_uart.c:3290:19:UART_Start_Receive_DMA	24	static
CMSIS/STM32F4xx_HAL_Driver/Src/stm32f4xx_hal_uart.c:1441:19:HAL_UART_Receive_DMA	8	static
CMSIS/STM32F4xx_HAL_Driver/Src/stm32f4xx_hal_uart.c:1773:19:HAL_UARTEx_ReceiveToIdle_DMA	24	static
